8750452401626
HW1 - Asymptotics: 8750452401640

8750452401640
HW1 - Asymptotics: 8750452401626

